// Jest Snapshot v1, https://goo.gl/fbAQLP

exports[`App matches snapshot 1`] = `
<DocumentFragment>
  <div
    class="app"
  >
    <header>
      <img
        alt="nasa logo"
        class="nasa-logo"
        src="NASA_Worm_logo.svg"
      />
      <form
        class="search-form"
        name="search-form"
      >
        <input
          class="search-form__input"
          placeholder="enter your search"
          type="text"
          value=""
        />
        <button
          class="search-form__button"
          type="submit"
        >
          Go!
        </button>
      </form>
    </header>
    <p
      class="no-results"
    >
      No results
    </p>
  </div>
</DocumentFragment>
`;
